
> portfolio@0.1.0 build
> next build

Γû▓ Next.js 16.2.1 (Turbopack)

  Creating an optimized production build ...
node.exe : Found 1 warning while optimizing generated CSS:
At line:1 char:1
+ & "C:\Program Files\nodejs/node.exe" "C:\Program Files\nodejs/node_mo ...
+ ~~~~~~~~~~~~~~~~~~~~~~~~~~~~~~~~~~~~~~~~~~~~~~~~~~~~~~~~~~~~~~~~~~~~~
    + CategoryInfo          : NotSpecified: (Found 1 warning... generated CSS::String) 
[],     RemoteException
    + FullyQualifiedErrorId : NativeCommandError
 

[2mΓöé   }[22m
[2mΓöé }[22m
[2mΓöé[22m @import url('https://fonts.googleapis.com/css2?family=Inter:wght@300;400;500
;600;700;800&family=JetBrains+Mono:wght@400;500&display=swap');
[2mΓöå[22m        [33m[2m^--[22m @import rules must precede all rules aside from 
@charset and @layer statements[39m
[2mΓöå[22m
[2mΓöé :root {[22m
[2mΓöé   --bg-primary: #f8fafc;[22m


> Build error occurred
Error: Turbopack build failed with 1 errors:
./src/components/layout/Footer.tsx
'styled-jsx' cannot be imported from a Server Component module
It only works in a Client Component but none of its parents are marked with 'use 
client', so they're Server Components by default.

Import trace:
  Server Component:
    ./src/components/layout/Footer.tsx
    ./src/app/layout.tsx


    at ignore-listed frames
